V3 3
FL "C:/Documents and Settings/lester/Escritorio/Clase3/cosa.vhd" 2022/10/26.02:31:55 M.81d
EN work/sumGen 1666744316 \
      FL "C:/Documents and Settings/lester/Escritorio/Clase3/cosa.vhd" \
      PB ieee/std_logic_1164 1290154108
AR work/sumGen/arch 1666744317 \
      FL "C:/Documents and Settings/lester/Escritorio/Clase3/cosa.vhd" \
      EN work/sumGen 1666744316
