V3 3
FL "C:/Documents and Settings/lester/Escritorio/Serie/Serie1.vhd" 2022/10/26.00:23:19 M.81d
EN work/Serie1 1667069395 \
      FL "C:/Documents and Settings/lester/Escritorio/Serie/Serie1.vhd" \
      PB ieee/std_logic_1164 1290154108
AR work/Serie1/Behavioral 1667069396 \
      FL "C:/Documents and Settings/lester/Escritorio/Serie/Serie1.vhd" \
      EN work/Serie1 1667069395
